// Jest Snapshot v1, https://goo.gl/fbAQLP

exports[`App should match the snapshot 1`] = `
<div
  className="App"
>
  <NavBar />
  <img
    alt="background poster"
    className="background-image"
    src="back.jpg"
  />
  <Route
    exact={true}
    path="/"
  >
    <Connect(FilterBar) />
    <Connect(CardContainer) />
  </Route>
  <Route
    exact={true}
    path="/cardinfo"
  >
    <Connect(CardInfo) />
  </Route>
</div>
`;
